[wahapedia.ru/wh40k10ed/factions/imperial-knights/index.html]
[wahapedia.ru/wh40k10ed/factions/imperial-knights/GET]
[wahapedia.ru/wh40k10ed/factions/imperial-knights/POST]
[backblue.gif]
[fade.gif]
[index.html]
[wahapedia.ru/wh40k10ed/factions/imperial-knights/datasheets.html]
[wahapedia.ru/wh40k10ed/factions/imperial-knights/Knight-Crusader.html]
[wahapedia.ru/wh40k10ed/factions/imperial-knights/Knight-Errant.html]
[wahapedia.ru/wh40k10ed/factions/imperial-knights/Knight-Gallant.html]
[wahapedia.ru/wh40k10ed/factions/imperial-knights/Knight-Paladin.html]
[wahapedia.ru/wh40k10ed/factions/imperial-knights/Knight-Preceptor.html]
[wahapedia.ru/wh40k10ed/factions/imperial-knights/Knight-Valiant.html]
[wahapedia.ru/wh40k10ed/factions/imperial-knights/Knight-Warden.html]
[wahapedia.ru/wh40k10ed/factions/imperial-knights/Sir-Hekhtur.html]
[wahapedia.ru/wh40k10ed/factions/imperial-knights/Skitarii-Marshal.html]
[wahapedia.ru/wh40k10ed/factions/imperial-knights/Tech-priest-Dominus.html]
[wahapedia.ru/wh40k10ed/factions/imperial-knights/Tech-priest-Manipulus.html]
[wahapedia.ru/wh40k10ed/factions/imperial-knights/Cerastus-Knight-Acheron.html]
[wahapedia.ru/wh40k10ed/factions/imperial-knights/Cerastus-Knight-Atrapos.html]
[wahapedia.ru/wh40k10ed/factions/imperial-knights/Cerastus-Knight-Lancer.html]
[wahapedia.ru/wh40k10ed/factions/imperial-knights/Questoris-Knight-Magaera.html]
[wahapedia.ru/wh40k10ed/factions/imperial-knights/Questoris-Knight-Styrix.html]
[wahapedia.ru/wh40k10ed/factions/imperial-knights/Armiger-Helverin.html]
[wahapedia.ru/wh40k10ed/factions/imperial-knights/Skitarii-Rangers.html]
[wahapedia.ru/wh40k10ed/factions/imperial-knights/Skitarii-Vanguard.html]
[wahapedia.ru/wh40k10ed/factions/imperial-knights/Armiger-Moirax.html]
[wahapedia.ru/wh40k10ed/factions/imperial-knights/index.html]
[wahapedia.ru/wh40k10ed/factions/imperial-knights/GET.html]
[wahapedia.ru/wh40k10ed/factions/imperial-knights/POST.html]
[wahapedia.ru/wh40k10ed/factions/imperial-knights/datasheets.html]
[wahapedia.ru/wh40k10ed/factions/imperial-knights/Canis-Rex.html]
[wahapedia.ru/wh40k10ed/factions/imperial-knights/Knight-Castellan.html]
[wahapedia.ru/wh40k10ed/factions/imperial-knights/Knight-Crusader.html]
[wahapedia.ru/wh40k10ed/factions/imperial-knights/Knight-Errant.html]
[wahapedia.ru/wh40k10ed/factions/imperial-knights/Knight-Gallant.html]
[wahapedia.ru/wh40k10ed/factions/imperial-knights/Knight-Paladin.html]
[wahapedia.ru/wh40k10ed/factions/imperial-knights/Knight-Preceptor.html]
[wahapedia.ru/wh40k10ed/factions/imperial-knights/Knight-Valiant.html]
[wahapedia.ru/wh40k10ed/factions/imperial-knights/Knight-Warden.html]
[wahapedia.ru/wh40k10ed/factions/imperial-knights/Sir-Hekhtur.html]
[wahapedia.ru/wh40k10ed/factions/imperial-knights/Skitarii-Marshal.html]
[wahapedia.ru/wh40k10ed/factions/imperial-knights/Tech-priest-Dominus.html]
[wahapedia.ru/wh40k10ed/factions/imperial-knights/Tech-priest-Manipulus.html]
[wahapedia.ru/wh40k10ed/factions/imperial-knights/Cerastus-Knight-Acheron.html]
[wahapedia.ru/wh40k10ed/factions/imperial-knights/Cerastus-Knight-Atrapos.html]
[wahapedia.ru/wh40k10ed/factions/imperial-knights/Cerastus-Knight-Castigator.html]
[wahapedia.ru/wh40k10ed/factions/imperial-knights/Cerastus-Knight-Lancer.html]
[wahapedia.ru/wh40k10ed/factions/imperial-knights/Questoris-Knight-Magaera.html]
[wahapedia.ru/wh40k10ed/factions/imperial-knights/Questoris-Knight-Styrix.html]
[wahapedia.ru/wh40k10ed/factions/imperial-knights/Armiger-Helverin.html]
[wahapedia.ru/wh40k10ed/factions/imperial-knights/Armiger-Warglaive.html]
[wahapedia.ru/wh40k10ed/factions/imperial-knights/Skitarii-Rangers.html]
[wahapedia.ru/wh40k10ed/factions/imperial-knights/Skitarii-Vanguard.html]
[wahapedia.ru/wh40k10ed/factions/imperial-knights/Armiger-Moirax.html]
[wahapedia.ru/wh40k10ed/factions/imperial-knights/Acastus-Knight-Asterius.html]
[wahapedia.ru/wh40k10ed/factions/imperial-knights/Acastus-Knight-Porphyrion.html]
[wahapedia.ru/wh40k10ed/factions/imperial-knights/Acastus-Knight-Porphyrion.html]
